// Jest Snapshot v1, https://goo.gl/fbAQLP

exports[`header snapshort 1`] = `
<h3>
  hoge
</h3>
`;
